180.153.212.45 - - [21/Apr/2015:03:50:35 -0400] "GET / HTTP/1.1" 502 172 "-" "DNSPod-Monitor/2.0"
101.226.73.30 - - [21/Apr/2015:03:50:46 -0400] "GET / HTTP/1.1" 502 172 "-" "DNSPod-Monitor/2.0"
112.90.82.164 - - [21/Apr/2015:03:51:27 -0400] "GET / HTTP/1.1" 502 172 "-" "DNSPod-Monitor/2.0"
112.90.82.164 - - [21/Apr/2015:03:51:42 -0400] "GET / HTTP/1.1" 502 172 "-" "DNSPod-Monitor/2.0"
112.90.82.164 - - [21/Apr/2015:03:52:12 -0400] "GET / HTTP/1.1" 502 172 "-" "DNSPod-Monitor/2.0"
112.90.82.164 - - [21/Apr/2015:03:52:23 -0400] "GET / HTTP/1.1" 502 172 "-" "DNSPod-Monitor/2.0"
66.249.65.67 - - [21/Apr/2015:03:53:01 -0400] "GET /manual/ko/mod/mod_rewrite.html HTTP/1.1" 502 172 "-" "Mozilla/5.0 (compatible; Googlebot/2.1; +http://www.google.com/bot.html)"
66.249.65.69 - - [21/Apr/2015:03:53:11 -0400] "GET /manual/zh-cn/howto/index.html HTTP/1.1" 502 172 "-" "Mozilla/5.0 (compatible; Googlebot/2.1; +http://www.google.com/bot.html)"
120.204.200.21 - - [21/Apr/2015:03:54:14 -0400] "GET / HTTP/1.1" 502 172 "-" "DNSPod-Monitor/2.0"
120.204.200.21 - - [21/Apr/2015:03:54:31 -0400] "GET / HTTP/1.1" 502 172 "-" "DNSPod-Monitor/2.0"
120.204.200.21 - - [21/Apr/2015:03:54:59 -0400] "GET / HTTP/1.1" 502 172 "-" "DNSPod-Monitor/2.0"
183.195.233.189 - - [21/Apr/2015:03:55:10 -0400] "GET / HTTP/1.1" 502 172 "-" "DNSPod-Monitor/2.0"
180.153.212.45 - - [21/Apr/2015:03:55:51 -0400] "GET / HTTP/1.1" 502 172 "-" "DNSPod-Monitor/2.0"
180.153.212.45 - - [21/Apr/2015:03:56:07 -0400] "GET / HTTP/1.1" 502 172 "-" "DNSPod-Monitor/2.0"
180.153.212.45 - - [21/Apr/2015:03:56:36 -0400] "GET / HTTP/1.1" 502 172 "-" "DNSPod-Monitor/2.0"
180.153.81.158 - - [21/Apr/2015:03:56:47 -0400] "GET / HTTP/1.1" 502 172 "-" "DNSPod-Monitor/2.0"
112.90.82.164 - - [21/Apr/2015:03:57:31 -0400] "GET / HTTP/1.1" 502 172 "-" "DNSPod-Monitor/2.0"
112.90.82.164 - - [21/Apr/2015:03:57:43 -0400] "GET / HTTP/1.1" 502 172 "-" "DNSPod-Monitor/2.0"
66.249.65.69 - - [21/Apr/2015:03:58:09 -0400] "GET /manual/zh-cn/mod/mod_cgi.html HTTP/1.1" 502 172 "-" "Mozilla/5.0 (compatible; Googlebot/2.1; +http://www.google.com/bot.html)"
112.90.141.121 - - [21/Apr/2015:03:58:13 -0400] "GET / HTTP/1.1" 502 172 "-" "DNSPod-Monitor/2.0"
112.90.141.121 - - [21/Apr/2015:03:58:25 -0400] "GET / HTTP/1.1" 502 172 "-" "DNSPod-Monitor/2.0"
120.204.200.21 - - [21/Apr/2015:04:00:15 -0400] "GET / HTTP/1.1" 502 172 "-" "DNSPod-Monitor/2.0"
183.195.233.189 - - [21/Apr/2015:04:00:31 -0400] "GET / HTTP/1.1" 502 172 "-" "DNSPod-Monitor/2.0"
183.195.233.189 - - [21/Apr/2015:04:01:00 -0400] "GET / HTTP/1.1" 502 172 "-" "DNSPod-Monitor/2.0"
183.195.233.188 - - [21/Apr/2015:04:01:11 -0400] "GET / HTTP/1.1" 502 172 "-" "DNSPod-Monitor/2.0"
180.153.81.158 - - [21/Apr/2015:04:01:52 -0400] "GET / HTTP/1.1" 502 172 "-" "DNSPod-Monitor/2.0"
180.153.212.45 - - [21/Apr/2015:04:02:07 -0400] "GET / HTTP/1.1" 502 172 "-" "DNSPod-Monitor/2.0"
66.249.65.71 - - [21/Apr/2015:04:02:14 -0400] "GET /manual/tr/mod/mod_dumpio.html HTTP/1.1" 502 172 "-" "Mozilla/5.0 (compatible; Googlebot/2.1; +http://www.google.com/bot.html)"
180.153.212.45 - - [21/Apr/2015:04:02:36 -0400] "GET / HTTP/1.1" 502 172 "-" "DNSPod-Monitor/2.0"
101.226.73.30 - - [21/Apr/2015:04:02:48 -0400] "GET / HTTP/1.1" 502 172 "-" "DNSPod-Monitor/2.0"
112.90.141.121 - - [21/Apr/2015:04:03:29 -0400] "GET / HTTP/1.1" 502 172 "-" "DNSPod-Monitor/2.0"
112.90.141.121 - - [21/Apr/2015:04:03:44 -0400] "GET / HTTP/1.1" 502 172 "-" "DNSPod-Monitor/2.0"
112.90.82.139 - - [21/Apr/2015:04:04:13 -0400] "GET / HTTP/1.1" 502 172 "-" "DNSPod-Monitor/2.0"
66.249.65.69 - - [21/Apr/2015:04:04:19 -0400] "GET /manual/zh-cn/ssl/ssl_faq.html HTTP/1.1" 502 172 "-" "Mozilla/5.0 (compatible; Googlebot/2.1; +http://www.google.com/bot.html)"
112.90.82.164 - - [21/Apr/2015:04:04:25 -0400] "GET / HTTP/1.1" 502 172 "-" "DNSPod-Monitor/2.0"
183.195.233.189 - - [21/Apr/2015:04:06:17 -0400] "GET / HTTP/1.1" 502 172 "-" "DNSPod-Monitor/2.0"
183.195.233.189 - - [21/Apr/2015:04:06:31 -0400] "GET / HTTP/1.1" 502 172 "-" "DNSPod-Monitor/2.0"
120.204.200.21 - - [21/Apr/2015:04:07:01 -0400] "GET / HTTP/1.1" 502 172 "-" "DNSPod-Monitor/2.0"
120.204.200.21 - - [21/Apr/2015:04:07:13 -0400] "GET / HTTP/1.1" 502 172 "-" "DNSPod-Monitor/2.0"
180.153.81.158 - - [21/Apr/2015:04:07:53 -0400] "GET / HTTP/1.1" 502 172 "-" "DNSPod-Monitor/2.0"
101.226.73.30 - - [21/Apr/2015:04:08:07 -0400] "GET / HTTP/1.1" 502 172 "-" "DNSPod-Monitor/2.0"
66.249.65.67 - - [21/Apr/2015:04:08:09 -0400] "GET /manual/zh-cn/developer/modules.html HTTP/1.1" 502 172 "-" "Mozilla/5.0 (compatible; Googlebot/2.1; +http://www.google.com/bot.html)"
66.249.65.69 - - [21/Apr/2015:04:08:19 -0400] "GET /manual/ja/rewrite/access.html HTTP/1.1" 502 172 "-" "Mozilla/5.0 (compatible; Googlebot/2.1; +http://www.google.com/bot.html)"
180.153.212.45 - - [21/Apr/2015:04:08:39 -0400] "GET / HTTP/1.1" 502 172 "-" "DNSPod-Monitor/2.0"
101.226.73.30 - - [21/Apr/2015:04:08:49 -0400] "GET / HTTP/1.1" 502 172 "-" "DNSPod-Monitor/2.0"
112.90.141.121 - - [21/Apr/2015:04:09:31 -0400] "GET / HTTP/1.1" 502 172 "-" "DNSPod-Monitor/2.0"
112.90.82.139 - - [21/Apr/2015:04:09:44 -0400] "GET / HTTP/1.1" 502 172 "-" "DNSPod-Monitor/2.0"
112.90.82.164 - - [21/Apr/2015:04:10:15 -0400] "GET / HTTP/1.1" 502 172 "-" "DNSPod-Monitor/2.0"
112.90.82.139 - - [21/Apr/2015:04:10:26 -0400] "GET / HTTP/1.1" 502 172 "-" "DNSPod-Monitor/2.0"
66.249.65.71 - - [21/Apr/2015:04:11:54 -0400] "GET /manual/es/mod/mod_suexec.html HTTP/1.1" 502 172 "-" "Mozilla/5.0 (compatible; Googlebot/2.1; +http://www.google.com/bot.html)"
183.195.233.188 - - [21/Apr/2015:04:12:17 -0400] "GET / HTTP/1.1" 502 172 "-" "DNSPod-Monitor/2.0"
120.204.200.21 - - [21/Apr/2015:04:12:33 -0400] "GET / HTTP/1.1" 502 172 "-" "DNSPod-Monitor/2.0"
120.204.200.21 - - [21/Apr/2015:04:13:02 -0400] "GET / HTTP/1.1" 502 172 "-" "DNSPod-Monitor/2.0"
183.195.233.188 - - [21/Apr/2015:04:13:13 -0400] "GET / HTTP/1.1" 502 172 "-" "DNSPod-Monitor/2.0"
180.153.212.45 - - [21/Apr/2015:04:13:54 -0400] "GET / HTTP/1.1" 502 172 "-" "DNSPod-Monitor/2.0"
101.226.73.30 - - [21/Apr/2015:04:14:09 -0400] "GET / HTTP/1.1" 502 172 "-" "DNSPod-Monitor/2.0"
180.153.81.158 - - [21/Apr/2015:04:14:39 -0400] "GET / HTTP/1.1" 502 172 "-" "DNSPod-Monitor/2.0"
180.153.81.158 - - [21/Apr/2015:04:14:50 -0400] "GET / HTTP/1.1" 502 172 "-" "DNSPod-Monitor/2.0"
112.90.82.139 - - [21/Apr/2015:04:15:31 -0400] "GET / HTTP/1.1" 502 172 "-" "DNSPod-Monitor/2.0"
66.249.65.71 - - [21/Apr/2015:04:15:41 -0400] "GET /manual/es/programs/other.html HTTP/1.1" 502 172 "-" "Mozilla/5.0 (compatible; Googlebot/2.1; +http://www.google.com/bot.html)"
112.90.141.121 - - [21/Apr/2015:04:15:45 -0400] "GET / HTTP/1.1" 502 172 "-" "DNSPod-Monitor/2.0"
112.90.141.121 - - [21/Apr/2015:04:16:15 -0400] "GET / HTTP/1.1" 502 172 "-" "DNSPod-Monitor/2.0"
112.90.82.164 - - [21/Apr/2015:04:16:27 -0400] "GET / HTTP/1.1" 502 172 "-" "DNSPod-Monitor/2.0"
183.195.233.189 - - [21/Apr/2015:04:18:18 -0400] "GET / HTTP/1.1" 502 172 "-" "DNSPod-Monitor/2.0"
120.204.200.21 - - [21/Apr/2015:04:18:34 -0400] "GET / HTTP/1.1" 502 172 "-" "DNSPod-Monitor/2.0"
183.195.233.188 - - [21/Apr/2015:04:19:03 -0400] "GET / HTTP/1.1" 502 172 "-" "DNSPod-Monitor/2.0"
183.195.233.189 - - [21/Apr/2015:04:19:14 -0400] "GET / HTTP/1.1" 502 172 "-" "DNSPod-Monitor/2.0"
66.249.65.71 - - [21/Apr/2015:04:19:28 -0400] "GET /manual/es/programs/httpd.html HTTP/1.1" 502 172 "-" "Mozilla/5.0 (compatible; Googlebot/2.1; +http://www.google.com/bot.html)"
180.153.212.45 - - [21/Apr/2015:04:19:58 -0400] "GET / HTTP/1.1" 502 172 "-" "DNSPod-Monitor/2.0"
101.226.73.30 - - [21/Apr/2015:04:20:10 -0400] "GET / HTTP/1.1" 502 172 "-" "DNSPod-Monitor/2.0"
180.153.212.45 - - [21/Apr/2015:04:20:39 -0400] "GET / HTTP/1.1" 502 172 "-" "DNSPod-Monitor/2.0"
180.153.81.158 - - [21/Apr/2015:04:20:51 -0400] "GET / HTTP/1.1" 502 172 "-" "DNSPod-Monitor/2.0"
112.90.82.164 - - [21/Apr/2015:04:21:32 -0400] "GET / HTTP/1.1" 502 172 "-" "DNSPod-Monitor/2.0"
112.90.82.164 - - [21/Apr/2015:04:21:46 -0400] "GET / HTTP/1.1" 502 172 "-" "DNSPod-Monitor/2.0"
112.90.141.121 - - [21/Apr/2015:04:22:17 -0400] "GET / HTTP/1.1" 502 172 "-" "DNSPod-Monitor/2.0"
112.90.82.139 - - [21/Apr/2015:04:22:27 -0400] "GET / HTTP/1.1" 502 172 "-" "DNSPod-Monitor/2.0"
66.249.65.69 - - [21/Apr/2015:04:23:15 -0400] "GET /manual/ko/programs/other.html HTTP/1.1" 502 172 "-" "Mozilla/5.0 (compatible; Googlebot/2.1; +http://www.google.com/bot.html)"
66.249.65.67 - - [21/Apr/2015:04:23:37 -0400] "GET /manual/en/mod/mod_cgi.html HTTP/1.1" 502 172 "-" "Mozilla/5.0 (compatible; Googlebot/2.1; +http://www.google.com/bot.html)"
120.204.200.21 - - [21/Apr/2015:04:24:20 -0400] "GET / HTTP/1.1" 502 172 "-" "DNSPod-Monitor/2.0"
183.195.233.188 - - [21/Apr/2015:04:24:35 -0400] "GET / HTTP/1.1" 502 172 "-" "DNSPod-Monitor/2.0"
120.204.200.21 - - [21/Apr/2015:04:25:04 -0400] "GET / HTTP/1.1" 502 172 "-" "DNSPod-Monitor/2.0"
120.204.200.21 - - [21/Apr/2015:04:25:16 -0400] "GET / HTTP/1.1" 502 172 "-" "DNSPod-Monitor/2.0"
180.153.212.45 - - [21/Apr/2015:04:25:56 -0400] "GET / HTTP/1.1" 502 172 "-" "DNSPod-Monitor/2.0"
180.153.81.158 - - [21/Apr/2015:04:26:11 -0400] "GET / HTTP/1.1" 502 172 "-" "DNSPod-Monitor/2.0"
180.153.81.158 - - [21/Apr/2015:04:26:41 -0400] "GET / HTTP/1.1" 502 172 "-" "DNSPod-Monitor/2.0"
180.153.81.158 - - [21/Apr/2015:04:26:52 -0400] "GET / HTTP/1.1" 502 172 "-" "DNSPod-Monitor/2.0"
66.249.65.69 - - [21/Apr/2015:04:27:04 -0400] "GET /manual/es/rewrite/access.html HTTP/1.1" 502 172 "-" "Mozilla/5.0 (compatible; Googlebot/2.1; +http://www.google.com/bot.html)"
112.90.82.164 - - [21/Apr/2015:04:27:33 -0400] "GET / HTTP/1.1" 502 172 "-" "DNSPod-Monitor/2.0"
112.90.82.164 - - [21/Apr/2015:04:27:48 -0400] "GET / HTTP/1.1" 502 172 "-" "DNSPod-Monitor/2.0"
112.90.141.121 - - [21/Apr/2015:04:28:18 -0400] "GET / HTTP/1.1" 502 172 "-" "DNSPod-Monitor/2.0"
112.90.82.164 - - [21/Apr/2015:04:28:30 -0400] "GET / HTTP/1.1" 502 172 "-" "DNSPod-Monitor/2.0"
123.125.71.71 - - [21/Apr/2015:04:29:24 -0400] "GET / HTTP/1.1" 502 172 "-" "Mozilla/5.0 (Windows NT 5.1; rv:6.0.2) Gecko/20100101 Firefox/6.0.2"
183.195.233.188 - - [21/Apr/2015:04:30:20 -0400] "GET / HTTP/1.1" 502 172 "-" "DNSPod-Monitor/2.0"
120.204.200.21 - - [21/Apr/2015:04:30:35 -0400] "GET / HTTP/1.1" 502 172 "-" "DNSPod-Monitor/2.0"
66.249.65.69 - - [21/Apr/2015:04:30:49 -0400] "GET /manual/ko/mod/mod_access.html HTTP/1.1" 502 172 "-" "Mozilla/5.0 (compatible; Googlebot/2.1; +http://www.google.com/bot.html)"
120.204.200.21 - - [21/Apr/2015:04:31:05 -0400] "GET / HTTP/1.1" 502 172 "-" "DNSPod-Monitor/2.0"
183.195.233.188 - - [21/Apr/2015:04:31:16 -0400] "GET / HTTP/1.1" 502 172 "-" "DNSPod-Monitor/2.0"
180.153.81.158 - - [21/Apr/2015:04:31:57 -0400] "GET / HTTP/1.1" 502 172 "-" "DNSPod-Monitor/2.0"
180.153.81.158 - - [21/Apr/2015:04:32:11 -0400] "GET / HTTP/1.1" 502 172 "-" "DNSPod-Monitor/2.0"
180.153.212.45 - - [21/Apr/2015:04:32:42 -0400] "GET / HTTP/1.1" 502 172 "-" "DNSPod-Monitor/2.0"
180.153.212.45 - - [21/Apr/2015:04:32:53 -0400] "GET / HTTP/1.1" 502 172 "-" "DNSPod-Monitor/2.0"
112.90.141.121 - - [21/Apr/2015:04:33:34 -0400] "GET / HTTP/1.1" 502 172 "-" "DNSPod-Monitor/2.0"
112.90.82.139 - - [21/Apr/2015:04:33:47 -0400] "GET / HTTP/1.1" 502 172 "-" "DNSPod-Monitor/2.0"
112.90.82.164 - - [21/Apr/2015:04:34:18 -0400] "GET / HTTP/1.1" 502 172 "-" "DNSPod-Monitor/2.0"
112.90.82.164 - - [21/Apr/2015:04:34:30 -0400] "GET / HTTP/1.1" 502 172 "-" "DNSPod-Monitor/2.0"
66.249.65.69 - - [21/Apr/2015:04:35:52 -0400] "GET /manual/pt-br/mod/mod_cgid.html HTTP/1.1" 502 172 "-" "Mozilla/5.0 (compatible; Googlebot/2.1; +http://www.google.com/bot.html)"
120.204.200.21 - - [21/Apr/2015:04:36:21 -0400] "GET / HTTP/1.1" 502 172 "-" "DNSPod-Monitor/2.0"
120.204.200.21 - - [21/Apr/2015:04:36:37 -0400] "GET / HTTP/1.1" 502 172 "-" "DNSPod-Monitor/2.0"
183.195.233.188 - - [21/Apr/2015:04:37:06 -0400] "GET / HTTP/1.1" 502 172 "-" "DNSPod-Monitor/2.0"
120.204.200.21 - - [21/Apr/2015:04:37:17 -0400] "GET / HTTP/1.1" 502 172 "-" "DNSPod-Monitor/2.0"
180.153.212.45 - - [21/Apr/2015:04:37:58 -0400] "GET / HTTP/1.1" 502 172 "-" "DNSPod-Monitor/2.0"
180.153.81.158 - - [21/Apr/2015:04:38:13 -0400] "GET / HTTP/1.1" 502 172 "-" "DNSPod-Monitor/2.0"
66.249.65.71 - - [21/Apr/2015:04:38:23 -0400] "GET /manual/de/rewrite/access.html HTTP/1.1" 502 172 "-" "Mozilla/5.0 (compatible; Googlebot/2.1; +http://www.google.com/bot.html)"
101.226.73.30 - - [21/Apr/2015:04:38:42 -0400] "GET / HTTP/1.1" 502 172 "-" "DNSPod-Monitor/2.0"
180.153.212.45 - - [21/Apr/2015:04:38:54 -0400] "GET / HTTP/1.1" 500 141 "-" "DNSPod-Monitor/2.0"
73.15.166.206 - - [21/Apr/2015:04:39:00 -0400] "GET / HTTP/1.1" 500 141 "-" "Mozilla/5.0 (X11; Ubuntu; Linux x86_64; rv:36.0) Gecko/20100101 Firefox/36.0"
73.15.166.206 - - [21/Apr/2015:04:39:00 -0400] "GET /favicon.ico HTTP/1.1" 500 141 "-" "Mozilla/5.0 (X11; Ubuntu; Linux x86_64; rv:36.0) Gecko/20100101 Firefox/36.0"
73.15.166.206 - - [21/Apr/2015:04:39:00 -0400] "GET /favicon.ico HTTP/1.1" 500 141 "-" "Mozilla/5.0 (X11; Ubuntu; Linux x86_64; rv:36.0) Gecko/20100101 Firefox/36.0"
112.90.82.139 - - [21/Apr/2015:04:39:35 -0400] "GET / HTTP/1.1" 500 141 "-" "DNSPod-Monitor/2.0"
112.90.82.164 - - [21/Apr/2015:04:39:49 -0400] "GET / HTTP/1.1" 500 141 "-" "DNSPod-Monitor/2.0"
112.90.82.164 - - [21/Apr/2015:04:40:19 -0400] "GET / HTTP/1.1" 500 141 "-" "DNSPod-Monitor/2.0"
112.90.82.164 - - [21/Apr/2015:04:40:31 -0400] "GET / HTTP/1.1" 500 141 "-" "DNSPod-Monitor/2.0"
183.195.233.188 - - [21/Apr/2015:04:42:22 -0400] "GET / HTTP/1.1" 500 141 "-" "DNSPod-Monitor/2.0"
183.195.233.189 - - [21/Apr/2015:04:42:38 -0400] "GET / HTTP/1.1" 500 141 "-" "DNSPod-Monitor/2.0"
120.204.200.21 - - [21/Apr/2015:04:43:06 -0400] "GET / HTTP/1.1" 500 141 "-" "DNSPod-Monitor/2.0"
66.249.65.67 - - [21/Apr/2015:04:43:07 -0400] "GET /manual/tr/rewrite/access.html HTTP/1.1" 500 141 "-" "Mozilla/5.0 (compatible; Googlebot/2.1; +http://www.google.com/bot.html)"
183.195.233.189 - - [21/Apr/2015:04:43:18 -0400] "GET / HTTP/1.1" 500 141 "-" "DNSPod-Monitor/2.0"
180.153.212.45 - - [21/Apr/2015:04:43:59 -0400] "GET / HTTP/1.1" 500 141 "-" "DNSPod-Monitor/2.0"
180.153.81.158 - - [21/Apr/2015:04:44:14 -0400] "GET / HTTP/1.1" 500 141 "-" "DNSPod-Monitor/2.0"
101.226.73.30 - - [21/Apr/2015:04:44:43 -0400] "GET / HTTP/1.1" 500 141 "-" "DNSPod-Monitor/2.0"
180.153.81.158 - - [21/Apr/2015:04:44:55 -0400] "GET / HTTP/1.1" 500 141 "-" "DNSPod-Monitor/2.0"
112.90.82.139 - - [21/Apr/2015:04:45:35 -0400] "GET / HTTP/1.1" 500 141 "-" "DNSPod-Monitor/2.0"
112.90.141.121 - - [21/Apr/2015:04:45:50 -0400] "GET / HTTP/1.1" 500 141 "-" "DNSPod-Monitor/2.0"
66.249.65.69 - - [21/Apr/2015:04:45:57 -0400] "GET /manual/ko/mod/mod_dumpio.html HTTP/1.1" 500 141 "-" "Mozilla/5.0 (compatible; Googlebot/2.1; +http://www.google.com/bot.html)"
112.90.82.139 - - [21/Apr/2015:04:46:20 -0400] "GET / HTTP/1.1" 500 141 "-" "DNSPod-Monitor/2.0"
112.90.82.139 - - [21/Apr/2015:04:46:31 -0400] "GET / HTTP/1.1" 500 141 "-" "DNSPod-Monitor/2.0"
120.204.200.21 - - [21/Apr/2015:04:48:23 -0400] "GET / HTTP/1.1" 500 141 "-" "DNSPod-Monitor/2.0"
66.249.65.71 - - [21/Apr/2015:04:48:30 -0400] "GET /manual/fr/faq/index.html HTTP/1.1" 500 141 "-" "Mozilla/5.0 (compatible; Googlebot/2.1; +http://www.google.com/bot.html)"
120.204.200.21 - - [21/Apr/2015:04:48:38 -0400] "GET / HTTP/1.1" 500 141 "-" "DNSPod-Monitor/2.0"
66.249.65.10 - - [21/Apr/2015:04:48:54 -0400] "GET /mindlogs/51 HTTP/1.1" 500 141 "-" "Mozilla/5.0 (compatible; Googlebot/2.1; +http://www.google.com/bot.html)"
183.195.233.189 - - [21/Apr/2015:04:49:07 -0400] "GET / HTTP/1.1" 500 141 "-" "DNSPod-Monitor/2.0"
183.195.233.188 - - [21/Apr/2015:04:49:18 -0400] "GET / HTTP/1.1" 500 141 "-" "DNSPod-Monitor/2.0"
66.249.65.8 - - [21/Apr/2015:04:49:59 -0400] "GET /mindlogs/42 HTTP/1.1" 500 141 "-" "Mozilla/5.0 (compatible; Googlebot/2.1; +http://www.google.com/bot.html)"
180.153.81.158 - - [21/Apr/2015:04:49:59 -0400] "GET / HTTP/1.1" 500 141 "-" "DNSPod-Monitor/2.0"
180.153.212.45 - - [21/Apr/2015:04:50:14 -0400] "GET / HTTP/1.1" 500 141 "-" "DNSPod-Monitor/2.0"
66.249.65.69 - - [21/Apr/2015:04:50:20 -0400] "GET /manual/ja/mod/mod_dumpio.html HTTP/1.1" 500 141 "-" "Mozilla/5.0 (compatible; Googlebot/2.1; +http://www.google.com/bot.html)"
101.226.73.30 - - [21/Apr/2015:04:50:44 -0400] "GET / HTTP/1.1" 500 141 "-" "DNSPod-Monitor/2.0"
66.249.65.10 - - [21/Apr/2015:04:50:55 -0400] "GET /mindlogs/29 HTTP/1.1" 500 141 "-" "Mozilla/5.0 (compatible; Googlebot/2.1; +http://www.google.com/bot.html)"
101.226.73.30 - - [21/Apr/2015:04:50:55 -0400] "GET / HTTP/1.1" 500 141 "-" "DNSPod-Monitor/2.0"
112.90.82.164 - - [21/Apr/2015:04:51:36 -0400] "GET / HTTP/1.1" 502 172 "-" "DNSPod-Monitor/2.0"
112.90.82.164 - - [21/Apr/2015:04:51:52 -0400] "GET / HTTP/1.1" 500 28963 "-" "DNSPod-Monitor/2.0"
73.15.166.206 - - [21/Apr/2015:04:51:53 -0400] "GET / HTTP/1.1" 500 115717 "-" "Mozilla/5.0 (X11; Ubuntu; Linux x86_64; rv:36.0) Gecko/20100101 Firefox/36.0"
66.249.65.10 - - [21/Apr/2015:04:51:55 -0400] "GET /mindlogs/39 HTTP/1.1" 301 5 "-" "Mozilla/5.0 (compatible; Googlebot/2.1; +http://www.google.com/bot.html)"
66.249.65.10 - - [21/Apr/2015:04:51:56 -0400] "GET /mindlogs/39/ HTTP/1.1" 500 116244 "-" "Mozilla/5.0 (compatible; Googlebot/2.1; +http://www.google.com/bot.html)"
112.90.141.121 - - [21/Apr/2015:04:52:21 -0400] "GET / HTTP/1.1" 500 28963 "-" "DNSPod-Monitor/2.0"
112.90.82.164 - - [21/Apr/2015:04:52:32 -0400] "GET / HTTP/1.1" 500 28963 "-" "DNSPod-Monitor/2.0"
66.249.65.8 - - [21/Apr/2015:04:53:02 -0400] "GET /mindlogs/36 HTTP/1.1" 301 5 "-" "Mozilla/5.0 (compatible; Googlebot/2.1; +http://www.google.com/bot.html)"
66.249.65.8 - - [21/Apr/2015:04:53:03 -0400] "GET /mindlogs/36/ HTTP/1.1" 500 116245 "-" "Mozilla/5.0 (compatible; Googlebot/2.1; +http://www.google.com/bot.html)"
66.249.65.67 - - [21/Apr/2015:04:53:31 -0400] "GET /manual/de/mod/mod_access.html HTTP/1.1" 301 5 "-" "Mozilla/5.0 (compatible; Googlebot/2.1; +http://www.google.com/bot.html)"
66.249.65.71 - - [21/Apr/2015:04:53:32 -0400] "GET /manual/de/mod/mod_access.html/ HTTP/1.1" 500 116823 "-" "Mozilla/5.0 (compatible; Googlebot/2.1; +http://www.google.com/bot.html)"
183.195.233.188 - - [21/Apr/2015:04:54:24 -0400] "GET / HTTP/1.1" 500 28963 "-" "DNSPod-Monitor/2.0"
183.195.233.189 - - [21/Apr/2015:04:54:39 -0400] "GET / HTTP/1.1" 500 28963 "-" "DNSPod-Monitor/2.0"
120.204.200.21 - - [21/Apr/2015:04:55:09 -0400] "GET / HTTP/1.1" 500 28963 "-" "DNSPod-Monitor/2.0"
120.204.200.21 - - [21/Apr/2015:04:55:21 -0400] "GET / HTTP/1.1" 500 28963 "-" "DNSPod-Monitor/2.0"
101.226.73.30 - - [21/Apr/2015:04:56:01 -0400] "GET / HTTP/1.1" 500 28963 "-" "DNSPod-Monitor/2.0"
180.153.81.158 - - [21/Apr/2015:04:56:14 -0400] "GET / HTTP/1.1" 500 28963 "-" "DNSPod-Monitor/2.0"
180.153.212.45 - - [21/Apr/2015:04:56:46 -0400] "GET / HTTP/1.1" 500 28963 "-" "DNSPod-Monitor/2.0"
101.226.73.30 - - [21/Apr/2015:04:56:57 -0400] "GET / HTTP/1.1" 200 3083 "-" "DNSPod-Monitor/2.0"
112.90.82.139 - - [21/Apr/2015:04:57:38 -0400] "GET / HTTP/1.1" 200 3083 "-" "DNSPod-Monitor/2.0"
66.249.65.69 - - [21/Apr/2015:04:57:42 -0400] "GET /manual/tr/mod/mod_buffer.html HTTP/1.1" 301 5 "-" "Mozilla/5.0 (compatible; Googlebot/2.1; +http://www.google.com/bot.html)"
66.249.65.67 - - [21/Apr/2015:04:57:43 -0400] "GET /manual/tr/mod/mod_buffer.html/ HTTP/1.1" 404 1640 "-" "Mozilla/5.0 (compatible; Googlebot/2.1; +http://www.google.com/bot.html)"
112.90.141.121 - - [21/Apr/2015:04:57:50 -0400] "GET / HTTP/1.1" 200 3304 "-" "DNSPod-Monitor/2.0"
112.90.141.121 - - [21/Apr/2015:04:58:22 -0400] "GET / HTTP/1.1" 200 3304 "-" "DNSPod-Monitor/2.0"
112.90.82.164 - - [21/Apr/2015:04:58:34 -0400] "GET / HTTP/1.1" 200 3304 "-" "DNSPod-Monitor/2.0"
73.15.166.206 - - [21/Apr/2015:04:58:59 -0400] "GET / HTTP/1.1" 200 3304 "-" "Mozilla/5.0 (X11; Ubuntu; Linux x86_64; rv:36.0) Gecko/20100101 Firefox/36.0"
73.15.166.206 - - [21/Apr/2015:04:58:59 -0400] "GET /static/css/mezzanine.css HTTP/1.1" 200 10717 "http://sudohacknight.org/" "Mozilla/5.0 (X11; Ubuntu; Linux x86_64; rv:36.0) Gecko/20100101 Firefox/36.0"
73.15.166.206 - - [21/Apr/2015:04:58:59 -0400] "GET /static/css/bootstrap-theme.css HTTP/1.1" 200 14717 "http://sudohacknight.org/" "Mozilla/5.0 (X11; Ubuntu; Linux x86_64; rv:36.0) Gecko/20100101 Firefox/36.0"
73.15.166.206 - - [21/Apr/2015:04:58:59 -0400] "GET /static/js/bootstrap.js HTTP/1.1" 200 58533 "http://sudohacknight.org/" "Mozilla/5.0 (X11; Ubuntu; Linux x86_64; rv:36.0) Gecko/20100101 Firefox/36.0"
73.15.166.206 - - [21/Apr/2015:04:58:59 -0400] "GET /static/js/bootstrap-extras.js HTTP/1.1" 200 2841 "http://sudohacknight.org/" "Mozilla/5.0 (X11; Ubuntu; Linux x86_64; rv:36.0) Gecko/20100101 Firefox/36.0"
73.15.166.206 - - [21/Apr/2015:04:58:59 -0400] "GET /static/img/favicon.ico HTTP/1.1" 200 318 "-" "Mozilla/5.0 (X11; Ubuntu; Linux x86_64; rv:36.0) Gecko/20100101 Firefox/36.0"
73.15.166.206 - - [21/Apr/2015:04:58:59 -0400] "GET /static/mezzanine/js/jquery-1.7.1.min.js HTTP/1.1" 200 93868 "http://sudohacknight.org/" "Mozilla/5.0 (X11; Ubuntu; Linux x86_64; rv:36.0) Gecko/20100101 Firefox/36.0"
73.15.166.206 - - [21/Apr/2015:04:58:59 -0400] "GET /static/css/bootstrap.css HTTP/1.1" 200 122849 "http://sudohacknight.org/" "Mozilla/5.0 (X11; Ubuntu; Linux x86_64; rv:36.0) Gecko/20100101 Firefox/36.0"
73.15.166.206 - - [21/Apr/2015:04:59:00 -0400] "GET /static/media/uploads/SudoRoomHardwareHackNightDrawing.jpg HTTP/1.1" 404 168 "http://sudohacknight.org/" "Mozilla/5.0 (X11; Ubuntu; Linux x86_64; rv:36.0) Gecko/20100101 Firefox/36.0"
73.15.166.206 - - [21/Apr/2015:04:59:03 -0400] "GET /blog/ HTTP/1.1" 200 2932 "http://sudohacknight.org/" "Mozilla/5.0 (X11; Ubuntu; Linux x86_64; rv:36.0) Gecko/20100101 Firefox/36.0"
73.15.166.206 - - [21/Apr/2015:04:59:03 -0400] "GET /static/css/mezzanine.css HTTP/1.1" 304 0 "http://sudohacknight.org/blog/" "Mozilla/5.0 (X11; Ubuntu; Linux x86_64; rv:36.0) Gecko/20100101 Firefox/36.0"
73.15.166.206 - - [21/Apr/2015:04:59:03 -0400] "GET /static/css/bootstrap.css HTTP/1.1" 304 0 "http://sudohacknight.org/blog/" "Mozilla/5.0 (X11; Ubuntu; Linux x86_64; rv:36.0) Gecko/20100101 Firefox/36.0"
73.15.166.206 - - [21/Apr/2015:04:59:03 -0400] "GET /static/css/bootstrap-theme.css HTTP/1.1" 304 0 "http://sudohacknight.org/blog/" "Mozilla/5.0 (X11; Ubuntu; Linux x86_64; rv:36.0) Gecko/20100101 Firefox/36.0"
73.15.166.206 - - [21/Apr/2015:04:59:03 -0400] "GET /static/mezzanine/js/jquery-1.7.1.min.js HTTP/1.1" 304 0 "http://sudohacknight.org/blog/" "Mozilla/5.0 (X11; Ubuntu; Linux x86_64; rv:36.0) Gecko/20100101 Firefox/36.0"
73.15.166.206 - - [21/Apr/2015:04:59:03 -0400] "GET /static/js/bootstrap.js HTTP/1.1" 304 0 "http://sudohacknight.org/blog/" "Mozilla/5.0 (X11; Ubuntu; Linux x86_64; rv:36.0) Gecko/20100101 Firefox/36.0"
73.15.166.206 - - [21/Apr/2015:04:59:03 -0400] "GET /static/js/bootstrap-extras.js HTTP/1.1" 304 0 "http://sudohacknight.org/blog/" "Mozilla/5.0 (X11; Ubuntu; Linux x86_64; rv:36.0) Gecko/20100101 Firefox/36.0"
73.15.166.206 - - [21/Apr/2015:04:59:05 -0400] "GET / HTTP/1.1" 200 3304 "http://sudohacknight.org/blog/" "Mozilla/5.0 (X11; Ubuntu; Linux x86_64; rv:36.0) Gecko/20100101 Firefox/36.0"
73.15.166.206 - - [21/Apr/2015:04:59:06 -0400] "GET /static/media/uploads/SudoRoomHardwareHackNightDrawing.jpg HTTP/1.1" 404 168 "http://sudohacknight.org/" "Mozilla/5.0 (X11; Ubuntu; Linux x86_64; rv:36.0) Gecko/20100101 Firefox/36.0"
73.15.166.206 - - [21/Apr/2015:04:59:07 -0400] "GET / HTTP/1.1" 200 3304 "http://sudohacknight.org/" "Mozilla/5.0 (X11; Ubuntu; Linux x86_64; rv:36.0) Gecko/20100101 Firefox/36.0"
73.15.166.206 - - [21/Apr/2015:04:59:07 -0400] "GET /static/css/bootstrap.css HTTP/1.1" 304 0 "http://sudohacknight.org/" "Mozilla/5.0 (X11; Ubuntu; Linux x86_64; rv:36.0) Gecko/20100101 Firefox/36.0"
73.15.166.206 - - [21/Apr/2015:04:59:07 -0400] "GET /static/css/mezzanine.css HTTP/1.1" 304 0 "http://sudohacknight.org/" "Mozilla/5.0 (X11; Ubuntu; Linux x86_64; rv:36.0) Gecko/20100101 Firefox/36.0"
73.15.166.206 - - [21/Apr/2015:04:59:07 -0400] "GET /static/css/bootstrap-theme.css HTTP/1.1" 304 0 "http://sudohacknight.org/" "Mozilla/5.0 (X11; Ubuntu; Linux x86_64; rv:36.0) Gecko/20100101 Firefox/36.0"
73.15.166.206 - - [21/Apr/2015:04:59:07 -0400] "GET /static/mezzanine/js/jquery-1.7.1.min.js HTTP/1.1" 304 0 "http://sudohacknight.org/" "Mozilla/5.0 (X11; Ubuntu; Linux x86_64; rv:36.0) Gecko/20100101 Firefox/36.0"
73.15.166.206 - - [21/Apr/2015:04:59:07 -0400] "GET /static/js/bootstrap.js HTTP/1.1" 304 0 "http://sudohacknight.org/" "Mozilla/5.0 (X11; Ubuntu; Linux x86_64; rv:36.0) Gecko/20100101 Firefox/36.0"
73.15.166.206 - - [21/Apr/2015:04:59:07 -0400] "GET /static/js/bootstrap-extras.js HTTP/1.1" 304 0 "http://sudohacknight.org/" "Mozilla/5.0 (X11; Ubuntu; Linux x86_64; rv:36.0) Gecko/20100101 Firefox/36.0"
73.15.166.206 - - [21/Apr/2015:04:59:07 -0400] "GET /static/media/uploads/SudoRoomHardwareHackNightDrawing.jpg HTTP/1.1" 404 168 "http://sudohacknight.org/" "Mozilla/5.0 (X11; Ubuntu; Linux x86_64; rv:36.0) Gecko/20100101 Firefox/36.0"
73.15.166.206 - - [21/Apr/2015:04:59:09 -0400] "GET /blog/ HTTP/1.1" 200 2932 "http://sudohacknight.org/" "Mozilla/5.0 (X11; Ubuntu; Linux x86_64; rv:36.0) Gecko/20100101 Firefox/36.0"
73.15.166.206 - - [21/Apr/2015:04:59:10 -0400] "GET / HTTP/1.1" 200 3304 "http://sudohacknight.org/blog/" "Mozilla/5.0 (X11; Ubuntu; Linux x86_64; rv:36.0) Gecko/20100101 Firefox/36.0"
73.15.166.206 - - [21/Apr/2015:04:59:10 -0400] "GET /static/media/uploads/SudoRoomHardwareHackNightDrawing.jpg HTTP/1.1" 404 168 "http://sudohacknight.org/" "Mozilla/5.0 (X11; Ubuntu; Linux x86_64; rv:36.0) Gecko/20100101 Firefox/36.0"
73.15.166.206 - - [21/Apr/2015:04:59:13 -0400] "GET /blog/ HTTP/1.1" 200 2932 "http://sudohacknight.org/" "Mozilla/5.0 (X11; Ubuntu; Linux x86_64; rv:36.0) Gecko/20100101 Firefox/36.0"
73.15.166.206 - - [21/Apr/2015:04:59:13 -0400] "GET /static/css/bootstrap.css HTTP/1.1" 304 0 "http://sudohacknight.org/blog/" "Mozilla/5.0 (X11; Ubuntu; Linux x86_64; rv:36.0) Gecko/20100101 Firefox/36.0"
73.15.166.206 - - [21/Apr/2015:04:59:13 -0400] "GET /static/css/mezzanine.css HTTP/1.1" 304 0 "http://sudohacknight.org/blog/" "Mozilla/5.0 (X11; Ubuntu; Linux x86_64; rv:36.0) Gecko/20100101 Firefox/36.0"
73.15.166.206 - - [21/Apr/2015:04:59:13 -0400] "GET /static/css/bootstrap-theme.css HTTP/1.1" 304 0 "http://sudohacknight.org/blog/" "Mozilla/5.0 (X11; Ubuntu; Linux x86_64; rv:36.0) Gecko/20100101 Firefox/36.0"
73.15.166.206 - - [21/Apr/2015:04:59:13 -0400] "GET /static/mezzanine/js/jquery-1.7.1.min.js HTTP/1.1" 304 0 "http://sudohacknight.org/blog/" "Mozilla/5.0 (X11; Ubuntu; Linux x86_64; rv:36.0) Gecko/20100101 Firefox/36.0"
73.15.166.206 - - [21/Apr/2015:04:59:13 -0400] "GET /static/js/bootstrap.js HTTP/1.1" 304 0 "http://sudohacknight.org/blog/" "Mozilla/5.0 (X11; Ubuntu; Linux x86_64; rv:36.0) Gecko/20100101 Firefox/36.0"
73.15.166.206 - - [21/Apr/2015:04:59:13 -0400] "GET /static/js/bootstrap-extras.js HTTP/1.1" 304 0 "http://sudohacknight.org/blog/" "Mozilla/5.0 (X11; Ubuntu; Linux x86_64; rv:36.0) Gecko/20100101 Firefox/36.0"
73.15.166.206 - - [21/Apr/2015:04:59:18 -0400] "GET / HTTP/1.1" 200 3304 "http://sudohacknight.org/blog/" "Mozilla/5.0 (X11; Ubuntu; Linux x86_64; rv:36.0) Gecko/20100101 Firefox/36.0"
73.15.166.206 - - [21/Apr/2015:04:59:18 -0400] "GET /static/media/uploads/SudoRoomHardwareHackNightDrawing.jpg HTTP/1.1" 404 168 "http://sudohacknight.org/" "Mozilla/5.0 (X11; Ubuntu; Linux x86_64; rv:36.0) Gecko/20100101 Firefox/36.0"
183.195.233.188 - - [21/Apr/2015:05:00:26 -0400] "GET / HTTP/1.1" 200 3304 "-" "DNSPod-Monitor/2.0"
66.249.65.67 - - [21/Apr/2015:05:01:05 -0400] "GET /manual/de/ssl/ssl_compat.html HTTP/1.1" 301 5 "-" "Mozilla/5.0 (compatible; Googlebot/2.1; +http://www.google.com/bot.html)"
66.249.65.71 - - [21/Apr/2015:05:01:06 -0400] "GET /manual/de/ssl/ssl_compat.html/ HTTP/1.1" 404 1640 "-" "Mozilla/5.0 (compatible; Googlebot/2.1; +http://www.google.com/bot.html)"
66.249.65.71 - - [21/Apr/2015:05:01:29 -0400] "GET /manual/tr/vhosts/name-based.html HTTP/1.1" 301 5 "-" "Mozilla/5.0 (compatible; Googlebot/2.1; +http://www.google.com/bot.html)"
66.249.65.71 - - [21/Apr/2015:05:01:29 -0400] "GET /manual/tr/vhosts/name-based.html/ HTTP/1.1" 404 1646 "-" "Mozilla/5.0 (compatible; Googlebot/2.1; +http://www.google.com/bot.html)"
183.195.233.189 - - [21/Apr/2015:05:01:31 -0400] "GET / HTTP/1.1" 200 3304 "-" "DNSPod-Monitor/2.0"
180.153.81.158 - - [21/Apr/2015:05:02:03 -0400] "GET / HTTP/1.1" 200 3304 "-" "DNSPod-Monitor/2.0"
180.153.81.158 - - [21/Apr/2015:05:02:15 -0400] "GET / HTTP/1.1" 200 3304 "-" "DNSPod-Monitor/2.0"
180.153.81.158 - - [21/Apr/2015:05:02:47 -0400] "GET / HTTP/1.1" 200 3304 "-" "DNSPod-Monitor/2.0"
180.153.212.45 - - [21/Apr/2015:05:02:59 -0400] "GET / HTTP/1.1" 200 3304 "-" "DNSPod-Monitor/2.0"
112.90.82.139 - - [21/Apr/2015:05:03:40 -0400] "GET / HTTP/1.1" 200 3304 "-" "DNSPod-Monitor/2.0"
112.90.82.164 - - [21/Apr/2015:05:03:52 -0400] "GET / HTTP/1.1" 200 3304 "-" "DNSPod-Monitor/2.0"
112.90.82.164 - - [21/Apr/2015:05:04:24 -0400] "GET / HTTP/1.1" 200 3304 "-" "DNSPod-Monitor/2.0"
112.90.141.121 - - [21/Apr/2015:05:04:35 -0400] "GET / HTTP/1.1" 200 3304 "-" "DNSPod-Monitor/2.0"
66.249.65.67 - - [21/Apr/2015:05:04:52 -0400] "GET /manual/pt-br/programs/ab.html HTTP/1.1" 301 5 "-" "Mozilla/5.0 (compatible; Googlebot/2.1; +http://www.google.com/bot.html)"
66.249.65.67 - - [21/Apr/2015:05:04:53 -0400] "GET /manual/pt-br/programs/ab.html/ HTTP/1.1" 404 1640 "-" "Mozilla/5.0 (compatible; Googlebot/2.1; +http://www.google.com/bot.html)"
183.195.233.188 - - [21/Apr/2015:05:06:28 -0400] "GET / HTTP/1.1" 200 3304 "-" "DNSPod-Monitor/2.0"
120.204.200.21 - - [21/Apr/2015:05:06:41 -0400] "GET / HTTP/1.1" 200 3304 "-" "DNSPod-Monitor/2.0"
183.195.233.188 - - [21/Apr/2015:05:07:12 -0400] "GET / HTTP/1.1" 200 3304 "-" "DNSPod-Monitor/2.0"
120.204.200.21 - - [21/Apr/2015:05:07:24 -0400] "GET / HTTP/1.1" 200 3304 "-" "DNSPod-Monitor/2.0"
123.125.71.82 - - [21/Apr/2015:05:07:39 -0400] "GET / HTTP/1.1" 200 3304 "-" "Mozilla/5.0 (Windows NT 5.1; rv:6.0.2) Gecko/20100101 Firefox/6.0.2"
180.153.212.45 - - [21/Apr/2015:05:08:04 -0400] "GET / HTTP/1.1" 200 3304 "-" "DNSPod-Monitor/2.0"
180.153.212.45 - - [21/Apr/2015:05:08:17 -0400] "GET / HTTP/1.1" 200 3304 "-" "DNSPod-Monitor/2.0"
66.249.65.71 - - [21/Apr/2015:05:08:39 -0400] "GET /manual/tr/mod/mpm_common.html HTTP/1.1" 301 5 "-" "Mozilla/5.0 (compatible; Googlebot/2.1; +http://www.google.com/bot.html)"
66.249.65.67 - - [21/Apr/2015:05:08:40 -0400] "GET /manual/tr/mod/mpm_common.html/ HTTP/1.1" 404 1640 "-" "Mozilla/5.0 (compatible; Googlebot/2.1; +http://www.google.com/bot.html)"
180.153.81.158 - - [21/Apr/2015:05:08:49 -0400] "GET / HTTP/1.1" 200 3304 "-" "DNSPod-Monitor/2.0"
180.153.81.158 - - [21/Apr/2015:05:09:00 -0400] "GET / HTTP/1.1" 200 3304 "-" "DNSPod-Monitor/2.0"
112.90.82.139 - - [21/Apr/2015:05:09:41 -0400] "GET / HTTP/1.1" 200 3304 "-" "DNSPod-Monitor/2.0"
112.90.82.139 - - [21/Apr/2015:05:09:53 -0400] "GET / HTTP/1.1" 200 3304 "-" "DNSPod-Monitor/2.0"
112.90.141.121 - - [21/Apr/2015:05:10:26 -0400] "GET / HTTP/1.1" 200 3304 "-" "DNSPod-Monitor/2.0"
112.90.141.121 - - [21/Apr/2015:05:10:37 -0400] "GET / HTTP/1.1" 200 3304 "-" "DNSPod-Monitor/2.0"
183.195.233.188 - - [21/Apr/2015:05:12:28 -0400] "GET / HTTP/1.1" 200 3304 "-" "DNSPod-Monitor/2.0"
183.195.233.188 - - [21/Apr/2015:05:12:43 -0400] "GET / HTTP/1.1" 200 3304 "-" "DNSPod-Monitor/2.0"
66.249.65.71 - - [21/Apr/2015:05:13:07 -0400] "GET /manual/ja/vhosts/details.html HTTP/1.1" 301 5 "-" "Mozilla/5.0 (compatible; Googlebot/2.1; +http://www.google.com/bot.html)"
66.249.65.69 - - [21/Apr/2015:05:13:08 -0400] "GET /manual/ja/vhosts/details.html/ HTTP/1.1" 404 1640 "-" "Mozilla/5.0 (compatible; Googlebot/2.1; +http://www.google.com/bot.html)"
183.195.233.188 - - [21/Apr/2015:05:13:13 -0400] "GET / HTTP/1.1" 200 3304 "-" "DNSPod-Monitor/2.0"
183.195.233.188 - - [21/Apr/2015:05:13:24 -0400] "GET / HTTP/1.1" 200 3304 "-" "DNSPod-Monitor/2.0"
180.153.81.158 - - [21/Apr/2015:05:14:05 -0400] "GET / HTTP/1.1" 200 3304 "-" "DNSPod-Monitor/2.0"
101.226.73.30 - - [21/Apr/2015:05:14:19 -0400] "GET / HTTP/1.1" 200 3304 "-" "DNSPod-Monitor/2.0"
180.153.212.45 - - [21/Apr/2015:05:14:50 -0400] "GET / HTTP/1.1" 200 3304 "-" "DNSPod-Monitor/2.0"
180.153.81.158 - - [21/Apr/2015:05:15:01 -0400] "GET / HTTP/1.1" 200 3304 "-" "DNSPod-Monitor/2.0"
112.90.82.139 - - [21/Apr/2015:05:15:42 -0400] "GET / HTTP/1.1" 200 3304 "-" "DNSPod-Monitor/2.0"
112.90.82.164 - - [21/Apr/2015:05:15:55 -0400] "GET / HTTP/1.1" 200 3304 "-" "DNSPod-Monitor/2.0"
66.249.65.67 - - [21/Apr/2015:05:16:13 -0400] "GET /manual/tr/vhosts/details.html HTTP/1.1" 301 5 "-" "Mozilla/5.0 (compatible; Googlebot/2.1; +http://www.google.com/bot.html)"
66.249.65.67 - - [21/Apr/2015:05:16:14 -0400] "GET /manual/tr/vhosts/details.html/ HTTP/1.1" 404 1640 "-" "Mozilla/5.0 (compatible; Googlebot/2.1; +http://www.google.com/bot.html)"
112.90.82.139 - - [21/Apr/2015:05:16:27 -0400] "GET / HTTP/1.1" 200 3304 "-" "DNSPod-Monitor/2.0"
66.249.65.71 - - [21/Apr/2015:05:16:31 -0400] "GET /manual/fr/mod/mod_auth_dbm.html HTTP/1.1" 301 5 "-" "Mozilla/5.0 (compatible; Googlebot/2.1; +http://www.google.com/bot.html)"
66.249.65.69 - - [21/Apr/2015:05:16:31 -0400] "GET /manual/fr/mod/mod_auth_dbm.html/ HTTP/1.1" 404 1644 "-" "Mozilla/5.0 (compatible; Googlebot/2.1; +http://www.google.com/bot.html)"
112.90.141.121 - - [21/Apr/2015:05:16:39 -0400] "GET / HTTP/1.1" 200 3304 "-" "DNSPod-Monitor/2.0"
220.181.108.79 - - [21/Apr/2015:05:16:53 -0400] "GET / HTTP/1.1" 200 3304 "-" "Mozilla/5.0 (Windows NT 5.1; rv:6.0.2) Gecko/20100101 Firefox/6.0.2"
183.195.233.189 - - [21/Apr/2015:05:18:29 -0400] "GET / HTTP/1.1" 200 3304 "-" "DNSPod-Monitor/2.0"
183.195.233.189 - - [21/Apr/2015:05:18:44 -0400] "GET / HTTP/1.1" 200 3304 "-" "DNSPod-Monitor/2.0"
183.195.233.189 - - [21/Apr/2015:05:19:14 -0400] "GET / HTTP/1.1" 200 3304 "-" "DNSPod-Monitor/2.0"
120.204.200.21 - - [21/Apr/2015:05:19:25 -0400] "GET / HTTP/1.1" 200 3304 "-" "DNSPod-Monitor/2.0"
180.153.81.158 - - [21/Apr/2015:05:20:06 -0400] "GET / HTTP/1.1" 200 3304 "-" "DNSPod-Monitor/2.0"
180.153.212.45 - - [21/Apr/2015:05:20:20 -0400] "GET / HTTP/1.1" 200 3304 "-" "DNSPod-Monitor/2.0"
66.249.65.71 - - [21/Apr/2015:05:20:49 -0400] "GET /manual/tr/rewrite/vhosts.html HTTP/1.1" 301 5 "-" "Mozilla/5.0 (compatible; Googlebot/2.1; +http://www.google.com/bot.html)"
66.249.65.69 - - [21/Apr/2015:05:20:50 -0400] "GET /manual/tr/rewrite/vhosts.html/ HTTP/1.1" 404 1640 "-" "Mozilla/5.0 (compatible; Googlebot/2.1; +http://www.google.com/bot.html)"
101.226.73.30 - - [21/Apr/2015:05:20:50 -0400] "GET / HTTP/1.1" 200 3304 "-" "DNSPod-Monitor/2.0"
101.226.73.30 - - [21/Apr/2015:05:21:02 -0400] "GET / HTTP/1.1" 200 3304 "-" "DNSPod-Monitor/2.0"
112.90.82.164 - - [21/Apr/2015:05:21:43 -0400] "GET / HTTP/1.1" 200 3304 "-" "DNSPod-Monitor/2.0"
112.90.82.139 - - [21/Apr/2015:05:21:57 -0400] "GET / HTTP/1.1" 200 3304 "-" "DNSPod-Monitor/2.0"
112.90.82.164 - - [21/Apr/2015:05:22:27 -0400] "GET / HTTP/1.1" 200 3304 "-" "DNSPod-Monitor/2.0"
112.90.141.121 - - [21/Apr/2015:05:22:39 -0400] "GET / HTTP/1.1" 200 3304 "-" "DNSPod-Monitor/2.0"
66.249.65.71 - - [21/Apr/2015:05:23:47 -0400] "GET /manual/es/mod/mod_nw_ssl.html HTTP/1.1" 301 5 "-" "Mozilla/5.0 (compatible; Googlebot/2.1; +http://www.google.com/bot.html)"
66.249.65.69 - - [21/Apr/2015:05:23:48 -0400] "GET /manual/es/mod/mod_nw_ssl.html/ HTTP/1.1" 404 1640 "-" "Mozilla/5.0 (compatible; Googlebot/2.1; +http://www.google.com/bot.html)"
183.195.233.188 - - [21/Apr/2015:05:24:30 -0400] "GET / HTTP/1.1" 200 3304 "-" "DNSPod-Monitor/2.0"
183.195.233.189 - - [21/Apr/2015:05:24:44 -0400] "GET / HTTP/1.1" 200 3304 "-" "DNSPod-Monitor/2.0"
120.204.200.21 - - [21/Apr/2015:05:25:14 -0400] "GET / HTTP/1.1" 200 3304 "-" "DNSPod-Monitor/2.0"
183.195.233.189 - - [21/Apr/2015:05:25:26 -0400] "GET / HTTP/1.1" 200 3304 "-" "DNSPod-Monitor/2.0"
180.153.212.45 - - [21/Apr/2015:05:26:06 -0400] "GET / HTTP/1.1" 200 3304 "-" "DNSPod-Monitor/2.0"
101.226.73.30 - - [21/Apr/2015:05:26:20 -0400] "GET / HTTP/1.1" 200 3304 "-" "DNSPod-Monitor/2.0"
180.153.212.45 - - [21/Apr/2015:05:26:51 -0400] "GET / HTTP/1.1" 200 3304 "-" "DNSPod-Monitor/2.0"
180.153.212.45 - - [21/Apr/2015:05:27:02 -0400] "GET / HTTP/1.1" 200 3304 "-" "DNSPod-Monitor/2.0"
66.249.65.67 - - [21/Apr/2015:05:27:43 -0400] "GET /manual/tr/platform/index.html HTTP/1.1" 301 5 "-" "Mozilla/5.0 (compatible; Googlebot/2.1; +http://www.google.com/bot.html)"
112.90.82.164 - - [21/Apr/2015:05:27:43 -0400] "GET / HTTP/1.1" 200 3304 "-" "DNSPod-Monitor/2.0"
66.249.65.67 - - [21/Apr/2015:05:27:44 -0400] "GET /manual/tr/platform/index.html/ HTTP/1.1" 404 1640 "-" "Mozilla/5.0 (compatible; Googlebot/2.1; +http://www.google.com/bot.html)"
112.90.141.121 - - [21/Apr/2015:05:27:56 -0400] "GET / HTTP/1.1" 200 3304 "-" "DNSPod-Monitor/2.0"
112.90.82.164 - - [21/Apr/2015:05:28:28 -0400] "GET / HTTP/1.1" 200 3304 "-" "DNSPod-Monitor/2.0"
112.90.141.121 - - [21/Apr/2015:05:28:39 -0400] "GET / HTTP/1.1" 200 3304 "-" "DNSPod-Monitor/2.0"
183.195.233.189 - - [21/Apr/2015:05:30:30 -0400] "GET / HTTP/1.1" 200 3304 "-" "DNSPod-Monitor/2.0"
120.204.200.21 - - [21/Apr/2015:05:30:44 -0400] "GET / HTTP/1.1" 200 3304 "-" "DNSPod-Monitor/2.0"
183.195.233.188 - - [21/Apr/2015:05:31:15 -0400] "GET / HTTP/1.1" 200 3304 "-" "DNSPod-Monitor/2.0"
66.249.65.71 - - [21/Apr/2015:05:31:21 -0400] "GET /manual/tr/programs/other.html HTTP/1.1" 301 5 "-" "Mozilla/5.0 (compatible; Googlebot/2.1; +http://www.google.com/bot.html)"
66.249.65.67 - - [21/Apr/2015:05:31:22 -0400] "GET /manual/tr/programs/other.html/ HTTP/1.1" 404 1640 "-" "Mozilla/5.0 (compatible; Googlebot/2.1; +http://www.google.com/bot.html)"
183.195.233.189 - - [21/Apr/2015:05:31:26 -0400] "GET / HTTP/1.1" 200 3304 "-" "DNSPod-Monitor/2.0"
101.226.73.30 - - [21/Apr/2015:05:32:07 -0400] "GET / HTTP/1.1" 200 3304 "-" "DNSPod-Monitor/2.0"
180.153.212.45 - - [21/Apr/2015:05:32:20 -0400] "GET / HTTP/1.1" 200 3304 "-" "DNSPod-Monitor/2.0"
66.249.65.67 - - [21/Apr/2015:05:32:22 -0400] "GET /manual/ja/mod/mod_reflector.html HTTP/1.1" 301 5 "-" "Mozilla/5.0 (compatible; Googlebot/2.1; +http://www.google.com/bot.html)"
66.249.65.67 - - [21/Apr/2015:05:32:22 -0400] "GET /manual/ja/mod/mod_reflector.html/ HTTP/1.1" 404 1646 "-" "Mozilla/5.0 (compatible; Googlebot/2.1; +http://www.google.com/bot.html)"
180.153.212.45 - - [21/Apr/2015:05:32:52 -0400] "GET / HTTP/1.1" 200 3304 "-" "DNSPod-Monitor/2.0"
123.125.71.104 - - [21/Apr/2015:05:33:02 -0400] "GET /wp-content/plugins/wp-syntaxhighlighter/syntaxhighlighter3/styles/shCoreMidnight.css?ver=3.0 HTTP/1.1" 301 5 "-" "Mozilla/5.0 (compatible; Baiduspider/2.0; +http://www.baidu.com/search/spider.html)"
123.125.71.74 - - [21/Apr/2015:05:33:02 -0400] "GET /wp-content/plugins/wp-syntaxhighlighter/syntaxhighlighter3/styles/shCoreMidnight.css/?ver=3.0 HTTP/1.1" 404 1750 "-" "Mozilla/5.0 (compatible; Baiduspider/2.0; +http://www.baidu.com/search/spider.html)"
180.153.212.45 - - [21/Apr/2015:05:33:03 -0400] "GET / HTTP/1.1" 200 3304 "-" "DNSPod-Monitor/2.0"
112.90.141.121 - - [21/Apr/2015:05:33:44 -0400] "GET / HTTP/1.1" 200 3304 "-" "DNSPod-Monitor/2.0"
112.90.82.139 - - [21/Apr/2015:05:33:56 -0400] "GET / HTTP/1.1" 200 3304 "-" "DNSPod-Monitor/2.0"
112.90.82.164 - - [21/Apr/2015:05:34:29 -0400] "GET / HTTP/1.1" 200 3304 "-" "DNSPod-Monitor/2.0"
112.90.141.121 - - [21/Apr/2015:05:34:40 -0400] "GET / HTTP/1.1" 200 3304 "-" "DNSPod-Monitor/2.0"
66.249.65.67 - - [21/Apr/2015:05:35:08 -0400] "GET /manual/tr/ssl/ssl_compat.html HTTP/1.1" 301 5 "-" "Mozilla/5.0 (compatible; Googlebot/2.1; +http://www.google.com/bot.html)"
66.249.65.69 - - [21/Apr/2015:05:35:09 -0400] "GET /manual/tr/ssl/ssl_compat.html/ HTTP/1.1" 404 1640 "-" "Mozilla/5.0 (compatible; Googlebot/2.1; +http://www.google.com/bot.html)"
120.204.200.21 - - [21/Apr/2015:05:36:31 -0400] "GET / HTTP/1.1" 200 3304 "-" "DNSPod-Monitor/2.0"
183.195.233.189 - - [21/Apr/2015:05:36:46 -0400] "GET / HTTP/1.1" 200 3304 "-" "DNSPod-Monitor/2.0"
183.195.233.189 - - [21/Apr/2015:05:37:16 -0400] "GET / HTTP/1.1" 200 3304 "-" "DNSPod-Monitor/2.0"
183.195.233.189 - - [21/Apr/2015:05:37:27 -0400] "GET / HTTP/1.1" 200 3304 "-" "DNSPod-Monitor/2.0"
180.153.81.158 - - [21/Apr/2015:05:38:08 -0400] "GET / HTTP/1.1" 200 3304 "-" "DNSPod-Monitor/2.0"
101.226.73.30 - - [21/Apr/2015:05:38:22 -0400] "GET / HTTP/1.1" 200 3304 "-" "DNSPod-Monitor/2.0"
101.226.73.30 - - [21/Apr/2015:05:38:52 -0400] "GET / HTTP/1.1" 200 3304 "-" "DNSPod-Monitor/2.0"
66.249.65.67 - - [21/Apr/2015:05:38:55 -0400] "GET /manual/tr/programs/httpd.html HTTP/1.1" 301 5 "-" "Mozilla/5.0 (compatible; Googlebot/2.1; +http://www.google.com/bot.html)"
66.249.65.69 - - [21/Apr/2015:05:38:56 -0400] "GET /manual/tr/programs/httpd.html/ HTTP/1.1" 404 1640 "-" "Mozilla/5.0 (compatible; Googlebot/2.1; +http://www.google.com/bot.html)"
101.226.73.30 - - [21/Apr/2015:05:39:04 -0400] "GET / HTTP/1.1" 200 3304 "-" "DNSPod-Monitor/2.0"
112.90.82.139 - - [21/Apr/2015:05:39:45 -0400] "GET / HTTP/1.1" 200 3304 "-" "DNSPod-Monitor/2.0"
112.90.82.164 - - [21/Apr/2015:05:39:58 -0400] "GET / HTTP/1.1" 200 3304 "-" "DNSPod-Monitor/2.0"
112.90.141.121 - - [21/Apr/2015:05:40:30 -0400] "GET / HTTP/1.1" 200 3304 "-" "DNSPod-Monitor/2.0"
112.90.82.139 - - [21/Apr/2015:05:40:41 -0400] "GET / HTTP/1.1" 200 3304 "-" "DNSPod-Monitor/2.0"
183.195.233.188 - - [21/Apr/2015:05:42:32 -0400] "GET / HTTP/1.1" 200 3304 "-" "DNSPod-Monitor/2.0"
66.249.65.67 - - [21/Apr/2015:05:42:42 -0400] "GET /manual/zh-cn/programs/ab.html HTTP/1.1" 301 5 "-" "Mozilla/5.0 (compatible; Googlebot/2.1; +http://www.google.com/bot.html)"
66.249.65.67 - - [21/Apr/2015:05:42:43 -0400] "GET /manual/zh-cn/programs/ab.html/ HTTP/1.1" 404 1640 "-" "Mozilla/5.0 (compatible; Googlebot/2.1; +http://www.google.com/bot.html)"
183.195.233.188 - - [21/Apr/2015:05:42:47 -0400] "GET / HTTP/1.1" 200 3304 "-" "DNSPod-Monitor/2.0"
66.249.65.8 - - [21/Apr/2015:05:42:55 -0400] "GET /mindlogs/38 HTTP/1.1" 301 5 "-" "Mozilla/5.0 (compatible; Googlebot/2.1; +http://www.google.com/bot.html)"
66.249.65.10 - - [21/Apr/2015:05:42:55 -0400] "GET /mindlogs/38/ HTTP/1.1" 404 1600 "-" "Mozilla/5.0 (compatible; Googlebot/2.1; +http://www.google.com/bot.html)"
183.195.233.189 - - [21/Apr/2015:05:43:16 -0400] "GET / HTTP/1.1" 200 3304 "-" "DNSPod-Monitor/2.0"
120.204.200.21 - - [21/Apr/2015:05:43:28 -0400] "GET / HTTP/1.1" 200 3304 "-" "DNSPod-Monitor/2.0"
101.226.73.30 - - [21/Apr/2015:05:44:09 -0400] "GET / HTTP/1.1" 200 3304 "-" "DNSPod-Monitor/2.0"
101.226.73.30 - - [21/Apr/2015:05:44:23 -0400] "GET / HTTP/1.1" 200 3304 "-" "DNSPod-Monitor/2.0"
180.153.81.158 - - [21/Apr/2015:05:44:53 -0400] "GET / HTTP/1.1" 200 3304 "-" "DNSPod-Monitor/2.0"
180.153.81.158 - - [21/Apr/2015:05:45:05 -0400] "GET / HTTP/1.1" 200 3304 "-" "DNSPod-Monitor/2.0"
112.90.82.139 - - [21/Apr/2015:05:45:45 -0400] "GET / HTTP/1.1" 200 3304 "-" "DNSPod-Monitor/2.0"
112.90.141.121 - - [21/Apr/2015:05:45:59 -0400] "GET / HTTP/1.1" 200 3304 "-" "DNSPod-Monitor/2.0"
66.249.65.69 - - [21/Apr/2015:05:46:29 -0400] "GET /manual/de/programs/httpd.html HTTP/1.1" 301 5 "-" "Mozilla/5.0 (compatible; Googlebot/2.1; +http://www.google.com/bot.html)"
66.249.65.67 - - [21/Apr/2015:05:46:30 -0400] "GET /manual/de/programs/httpd.html/ HTTP/1.1" 404 1640 "-" "Mozilla/5.0 (compatible; Googlebot/2.1; +http://www.google.com/bot.html)"
112.90.82.139 - - [21/Apr/2015:05:46:30 -0400] "GET / HTTP/1.1" 200 3304 "-" "DNSPod-Monitor/2.0"
112.90.141.121 - - [21/Apr/2015:05:46:41 -0400] "GET / HTTP/1.1" 200 3304 "-" "DNSPod-Monitor/2.0"
66.249.65.69 - - [21/Apr/2015:05:48:16 -0400] "GET /manual/pt-br/mod/mod_authz_core.html HTTP/1.1" 301 5 "-" "Mozilla/5.0 (compatible; Googlebot/2.1; +http://www.google.com/bot.html)"
66.249.65.69 - - [21/Apr/2015:05:48:16 -0400] "GET /manual/pt-br/mod/mod_authz_core.html/ HTTP/1.1" 404 1654 "-" "Mozilla/5.0 (compatible; Googlebot/2.1; +http://www.google.com/bot.html)"
183.195.233.189 - - [21/Apr/2015:05:48:33 -0400] "GET / HTTP/1.1" 200 3304 "-" "DNSPod-Monitor/2.0"
183.195.233.188 - - [21/Apr/2015:05:48:48 -0400] "GET / HTTP/1.1" 200 3304 "-" "DNSPod-Monitor/2.0"
183.195.233.189 - - [21/Apr/2015:05:49:17 -0400] "GET / HTTP/1.1" 200 3304 "-" "DNSPod-Monitor/2.0"
183.195.233.189 - - [21/Apr/2015:05:49:29 -0400] "GET / HTTP/1.1" 200 3304 "-" "DNSPod-Monitor/2.0"
101.226.73.30 - - [21/Apr/2015:05:50:09 -0400] "GET / HTTP/1.1" 200 3304 "-" "DNSPod-Monitor/2.0"
66.249.65.71 - - [21/Apr/2015:05:50:16 -0400] "GET /manual/ja/platform/index.html HTTP/1.1" 301 5 "-" "Mozilla/5.0 (compatible; Googlebot/2.1; +http://www.google.com/bot.html)"
66.249.65.71 - - [21/Apr/2015:05:50:16 -0400] "GET /manual/ja/platform/index.html/ HTTP/1.1" 404 1640 "-" "Mozilla/5.0 (compatible; Googlebot/2.1; +http://www.google.com/bot.html)"
180.153.212.45 - - [21/Apr/2015:05:50:24 -0400] "GET / HTTP/1.1" 200 3304 "-" "DNSPod-Monitor/2.0"
101.226.73.30 - - [21/Apr/2015:05:50:54 -0400] "GET / HTTP/1.1" 200 3304 "-" "DNSPod-Monitor/2.0"
101.226.73.30 - - [21/Apr/2015:05:51:05 -0400] "GET / HTTP/1.1" 200 3304 "-" "DNSPod-Monitor/2.0"
112.90.82.139 - - [21/Apr/2015:05:51:46 -0400] "GET / HTTP/1.1" 200 3304 "-" "DNSPod-Monitor/2.0"
112.90.141.121 - - [21/Apr/2015:05:52:00 -0400] "GET / HTTP/1.1" 200 3304 "-" "DNSPod-Monitor/2.0"
112.90.82.164 - - [21/Apr/2015:05:52:31 -0400] "GET / HTTP/1.1" 200 3304 "-" "DNSPod-Monitor/2.0"
112.90.82.139 - - [21/Apr/2015:05:52:42 -0400] "GET / HTTP/1.1" 200 3304 "-" "DNSPod-Monitor/2.0"
66.249.65.71 - - [21/Apr/2015:05:54:03 -0400] "GET /manual/de/vhosts/details.html HTTP/1.1" 301 5 "-" "Mozilla/5.0 (compatible; Googlebot/2.1; +http://www.google.com/bot.html)"
66.249.65.71 - - [21/Apr/2015:05:54:04 -0400] "GET /manual/de/vhosts/details.html/ HTTP/1.1" 404 1640 "-" "Mozilla/5.0 (compatible; Googlebot/2.1; +http://www.google.com/bot.html)"
183.195.233.189 - - [21/Apr/2015:05:54:33 -0400] "GET / HTTP/1.1" 200 3304 "-" "DNSPod-Monitor/2.0"
120.204.200.21 - - [21/Apr/2015:05:54:48 -0400] "GET / HTTP/1.1" 200 3304 "-" "DNSPod-Monitor/2.0"
183.195.233.188 - - [21/Apr/2015:05:55:18 -0400] "GET / HTTP/1.1" 200 3304 "-" "DNSPod-Monitor/2.0"
120.204.200.21 - - [21/Apr/2015:05:55:30 -0400] "GET / HTTP/1.1" 200 3304 "-" "DNSPod-Monitor/2.0"
180.153.212.45 - - [21/Apr/2015:05:56:10 -0400] "GET / HTTP/1.1" 200 3304 "-" "DNSPod-Monitor/2.0"
180.153.212.45 - - [21/Apr/2015:05:56:24 -0400] "GET / HTTP/1.1" 200 3304 "-" "DNSPod-Monitor/2.0"
180.153.212.45 - - [21/Apr/2015:05:56:55 -0400] "GET / HTTP/1.1" 200 3304 "-" "DNSPod-Monitor/2.0"
180.153.81.158 - - [21/Apr/2015:05:57:06 -0400] "GET / HTTP/1.1" 200 3304 "-" "DNSPod-Monitor/2.0"
112.90.141.121 - - [21/Apr/2015:05:57:47 -0400] "GET / HTTP/1.1" 200 3304 "-" "DNSPod-Monitor/2.0"
66.249.65.71 - - [21/Apr/2015:05:57:50 -0400] "GET /manual/da/mod/mod_policy.html HTTP/1.1" 301 5 "-" "Mozilla/5.0 (compatible; Googlebot/2.1; +http://www.google.com/bot.html)"
66.249.65.71 - - [21/Apr/2015:05:57:51 -0400] "GET /manual/da/mod/mod_policy.html/ HTTP/1.1" 404 1640 "-" "Mozilla/5.0 (compatible; Googlebot/2.1; +http://www.google.com/bot.html)"
112.90.141.121 - - [21/Apr/2015:05:58:00 -0400] "GET / HTTP/1.1" 200 3304 "-" "DNSPod-Monitor/2.0"
112.90.141.121 - - [21/Apr/2015:05:58:32 -0400] "GET / HTTP/1.1" 200 3304 "-" "DNSPod-Monitor/2.0"
112.90.82.164 - - [21/Apr/2015:05:58:43 -0400] "GET / HTTP/1.1" 200 3304 "-" "DNSPod-Monitor/2.0"
183.195.233.189 - - [21/Apr/2015:06:00:34 -0400] "GET / HTTP/1.1" 200 3304 "-" "DNSPod-Monitor/2.0"
183.195.233.189 - - [21/Apr/2015:06:00:49 -0400] "GET / HTTP/1.1" 200 3304 "-" "DNSPod-Monitor/2.0"
183.195.233.188 - - [21/Apr/2015:06:01:19 -0400] "GET / HTTP/1.1" 200 3304 "-" "DNSPod-Monitor/2.0"
183.195.233.189 - - [21/Apr/2015:06:01:30 -0400] "GET / HTTP/1.1" 200 3304 "-" "DNSPod-Monitor/2.0"
66.249.65.69 - - [21/Apr/2015:06:01:37 -0400] "GET /manual/zh-cn/mod/mod_ssl.html HTTP/1.1" 301 5 "-" "Mozilla/5.0 (compatible; Googlebot/2.1; +http://www.google.com/bot.html)"
66.249.65.69 - - [21/Apr/2015:06:01:38 -0400] "GET /manual/zh-cn/mod/mod_ssl.html/ HTTP/1.1" 404 1640 "-" "Mozilla/5.0 (compatible; Googlebot/2.1; +http://www.google.com/bot.html)"
101.226.73.30 - - [21/Apr/2015:06:02:11 -0400] "GET / HTTP/1.1" 200 3304 "-" "DNSPod-Monitor/2.0"
180.153.81.158 - - [21/Apr/2015:06:02:24 -0400] "GET / HTTP/1.1" 200 3304 "-" "DNSPod-Monitor/2.0"
101.226.73.30 - - [21/Apr/2015:06:02:56 -0400] "GET / HTTP/1.1" 200 3304 "-" "DNSPod-Monitor/2.0"
180.153.81.158 - - [21/Apr/2015:06:03:07 -0400] "GET / HTTP/1.1" 200 3304 "-" "DNSPod-Monitor/2.0"
112.90.82.139 - - [21/Apr/2015:06:03:48 -0400] "GET / HTTP/1.1" 200 3304 "-" "DNSPod-Monitor/2.0"
112.90.82.139 - - [21/Apr/2015:06:04:00 -0400] "GET / HTTP/1.1" 200 3304 "-" "DNSPod-Monitor/2.0"
112.90.141.121 - - [21/Apr/2015:06:04:32 -0400] "GET / HTTP/1.1" 200 3304 "-" "DNSPod-Monitor/2.0"
66.249.65.69 - - [21/Apr/2015:06:04:38 -0400] "GET /manual/fr/ssl/ssl_faq.html HTTP/1.1" 301 5 "-" "Mozilla/5.0 (compatible; Googlebot/2.1; +http://www.google.com/bot.html)"
66.249.65.67 - - [21/Apr/2015:06:04:39 -0400] "GET /manual/fr/ssl/ssl_faq.html/ HTTP/1.1" 404 1634 "-" "Mozilla/5.0 (compatible; Googlebot/2.1; +http://www.google.com/bot.html)"
112.90.82.164 - - [21/Apr/2015:06:04:44 -0400] "GET / HTTP/1.1" 200 3304 "-" "DNSPod-Monitor/2.0"
66.249.65.67 - - [21/Apr/2015:06:05:24 -0400] "GET /manual/pt-br/mod/mod_env.html HTTP/1.1" 301 5 "-" "Mozilla/5.0 (compatible; Googlebot/2.1; +http://www.google.com/bot.html)"
66.249.65.69 - - [21/Apr/2015:06:05:24 -0400] "GET /manual/pt-br/mod/mod_env.html/ HTTP/1.1" 404 1640 "-" "Mozilla/5.0 (compatible; Googlebot/2.1; +http://www.google.com/bot.html)"
